
TRAINING XGBRegressor
 Training XGBRegressor Location
Completed in 175.96 seconds.
 Training XGBRegressor Intensity
Completed in 0.92 seconds.

Saving location plots to: /home/lus04/trainee4/radiation_source_localization/v1.0/models/xgboost/plots

--- Standard Location Metrics ---
Current_Model -> MAE: [1.8729367  1.86786547] | MSE: [6.27967563 6.2002235 ]

--- Location Error Statistics (Euclidean Distance) ---
Current_Model:
  MSE:     12.479899131798254
  Mean:    2.921423688221158
  Median:  2.485176498687503
  Minimum: 0.040413881737684766
  Maximum: 19.627801266313135

--- Generating Individual Model Error Distributions ---
--- Generating Detector-Specific Error vs True Distance Plots ---
--- Generating Location Error vs Source Distance Plots ---
All location plots saved successfully.


Saving intensity plots to: /home/lus04/trainee4/radiation_source_localization/v1.0/models/xgboost/plots

--- Intensity Prediction Metrics ---
Current_Model:
  MSE: 1271242.4076151305 µCi*µCi
  MAE:   848.9845728806499 µCi
  NRMSE: 0.1483544554543966

--- Generating Individual Intensity Error Distributions ---
--- Generating Detector-Specific Error vs True Distance Plots ---
--- Generating Intensity Error vs Source Distance Plots ---
All intensity plots saved successfully.


TRAINING XGBRegressor
 Training XGBRegressor Location
Completed in 879.53 seconds.
 Training XGBRegressor Intensity
Completed in 431.23 seconds.

Saving location plots to: /home/lus04/trainee4/radiation_source_localization/v1.2/models/xgboost/plots

--- Standard Location Metrics ---
Current_Model -> MAE: [1.77987225 1.78135667] | MSE: [5.73434213 5.60601207]

--- Location Error Statistics (Euclidean Distance) ---
Current_Model:
  MSE:     11.340354202549204
  Mean:    2.7849744608342393
  Median:  2.3542207485946562
  Minimum: 0.03244173626272179
  Maximum: 15.685805569511263

--- Generating Individual Model Error Distributions ---
--- Generating Detector-Specific Error vs True Distance Plots ---
--- Generating Location Error vs Source Distance Plots ---
All location plots saved successfully.


Saving intensity plots to: /home/lus04/trainee4/radiation_source_localization/v1.2/models/xgboost/plots

--- Intensity Prediction Metrics ---
Current_Model:
  MSE: 1207073.8458456933 µCi*µCi
  MAE:   824.3981224290748 µCi
  NRMSE: 0.14456172695077538

--- Generating Individual Intensity Error Distributions ---
--- Generating Detector-Specific Error vs True Distance Plots ---
--- Generating Intensity Error vs Source Distance Plots ---
All intensity plots saved successfully.

