
TRAINING DecisionTreeRegressor
 Training DecisionTreeRegressor Location
Completed in 1.56 seconds.
 Training DecisionTreeRegressor Intensity
Completed in 1.65 seconds.

Saving location plots to: /home/lus04/trainee4/radiation_source_localization/v1.0/models/decision_tree/plots

--- Standard Location Metrics ---
Current_Model -> MAE: [2.93536294 2.9278634 ] | MSE: [16.28257342 15.76072312]

--- Location Error Statistics (Euclidean Distance) ---
Current_Model:
  MSE:     32.04329653104711
  Mean:    4.599722210556893
  Median:  3.7605850224158717
  Minimum: 0.028820844205850987
  Maximum: 21.826092529853312

--- Generating Individual Model Error Distributions ---
--- Generating Detector-Specific Error vs True Distance Plots ---
--- Generating Location Error vs Source Distance Plots ---
All location plots saved successfully.


Saving intensity plots to: /home/lus04/trainee4/radiation_source_localization/v1.0/models/decision_tree/plots

--- Intensity Prediction Metrics ---
Current_Model:
  MSE: 2739540.171425577 µCi*µCi
  MAE:   1221.712951257867 µCi
  NRMSE: 0.21778363599951348

--- Generating Individual Intensity Error Distributions ---
--- Generating Detector-Specific Error vs True Distance Plots ---
--- Generating Intensity Error vs Source Distance Plots ---
All intensity plots saved successfully.


TRAINING DecisionTreeRegressor
 Training DecisionTreeRegressor Location
Completed in 19.20 seconds.
 Training DecisionTreeRegressor Intensity
Completed in 21.66 seconds.

Saving location plots to: /home/lus04/trainee4/radiation_source_localization/v1.4/models/decision_tree/plots

--- Standard Location Metrics ---
Current_Model -> MAE: [1.57012394 1.56288019] | MSE: [6.69385681 6.52611687]

--- Location Error Statistics (Euclidean Distance) ---
Current_Model:
  MSE:     13.219973673409172
  Mean:    2.5509059789899173
  Median:  1.8249321190889949
  Minimum: 1.1540123747193238e-10
  Maximum: 21.16535636410359

--- Generating Individual Model Error Distributions ---
--- Generating Detector-Specific Error vs True Distance Plots ---
--- Generating Location Error vs Source Distance Plots ---
All location plots saved successfully.


Saving intensity plots to: /home/lus04/trainee4/radiation_source_localization/v1.4/models/decision_tree/plots

--- Intensity Prediction Metrics ---
Current_Model:
  MSE: 1583696.533674346 µCi*µCi
  MAE:   818.9920841020586 µCi
  NRMSE: 0.1655855331733452

--- Generating Individual Intensity Error Distributions ---
--- Generating Detector-Specific Error vs True Distance Plots ---
--- Generating Intensity Error vs Source Distance Plots ---
All intensity plots saved successfully.

