
TRAINING RandomForestRegressor
 Training RandomForestRegressor Location
Completed in 96.69 seconds.
 Training RandomForestRegressor Intensity
Completed in 164.40 seconds.

Saving location plots to: /home/lus04/trainee4/radiation_source_localization/v1.0/models/random_forest/plots

--- Standard Location Metrics ---
Current_Model -> MAE: [2.0795927  2.03211072] | MSE: [7.2372462  6.86560349]

--- Location Error Statistics (Euclidean Distance) ---
Current_Model:
  MSE:     14.10284968702497
  Mean:    3.1893943090565053
  Median:  2.789311359699755
  Minimum: 0.021422934650954434
  Maximum: 14.940179909354164

--- Generating Individual Model Error Distributions ---
--- Generating Detector-Specific Error vs True Distance Plots ---
--- Generating Location Error vs Source Distance Plots ---
All location plots saved successfully.


Saving intensity plots to: /home/lus04/trainee4/radiation_source_localization/v1.0/models/random_forest/plots

--- Intensity Prediction Metrics ---
Current_Model:
  MSE: 1405420.7997746118 µCi*µCi
  MAE:   906.0702761053335 µCi
  NRMSE: 0.15598742756525194

--- Generating Individual Intensity Error Distributions ---
--- Generating Detector-Specific Error vs True Distance Plots ---
--- Generating Intensity Error vs Source Distance Plots ---
All intensity plots saved successfully.


TRAINING RandomForestRegressor
 Training RandomForestRegressor Location
Completed in 445.48 seconds.
 Training RandomForestRegressor Intensity
Completed in 488.88 seconds.

Saving location plots to: /home/lus04/trainee4/radiation_source_localization/v1.3/models/random_forest/plots

--- Standard Location Metrics ---
Current_Model -> MAE: [1.64925072 1.7011647 ] | MSE: [4.44111213 4.71033484]

--- Location Error Statistics (Euclidean Distance) ---
Current_Model:
  MSE:     9.151446969272769
  Mean:    2.611671862502322
  Median:  2.3409560723800693
  Minimum: 0.01781113044796052
  Maximum: 12.754230143080063

--- Generating Individual Model Error Distributions ---
--- Generating Detector-Specific Error vs True Distance Plots ---
--- Generating Location Error vs Source Distance Plots ---
All location plots saved successfully.


Saving intensity plots to: /home/lus04/trainee4/radiation_source_localization/v1.3/models/random_forest/plots

--- Intensity Prediction Metrics ---
Current_Model:
  MSE: 1206240.3425708867 µCi*µCi
  MAE:   829.3445334400791 µCi
  NRMSE: 0.14451180727065763

--- Generating Individual Intensity Error Distributions ---
--- Generating Detector-Specific Error vs True Distance Plots ---
--- Generating Intensity Error vs Source Distance Plots ---
All intensity plots saved successfully.

