Locking all random seeds to 42...
Targeting isolated GPU. PyTorch device index: cuda
Loading graphs from storage...
Transferring entire dataset directly into A100 VRAM...
Success! 15 train chunks and 3 val chunks are locked in VRAM.
Executing purely In-Memory VRAM Training...
Epoch 0001 | Train MSE: 1.25552 | Val MSE: 0.40070 (Best: 0.40070)
Epoch 0010 | Train MSE: 0.08299 | Val MSE: 0.06735 (Best: 0.06735)
Epoch 0020 | Train MSE: 0.05384 | Val MSE: 0.04665 (Best: 0.04665)
Epoch 0030 | Train MSE: 0.04636 | Val MSE: 0.04126 (Best: 0.03945)
Epoch 0040 | Train MSE: 0.04391 | Val MSE: 0.04635 (Best: 0.03342)
Epoch 0050 | Train MSE: 0.05207 | Val MSE: 0.04043 (Best: 0.03342)
Epoch 0060 | Train MSE: 0.04259 | Val MSE: 0.04977 (Best: 0.02945)
Epoch 0070 | Train MSE: 0.03695 | Val MSE: 0.03485 (Best: 0.02829)
Epoch 0080 | Train MSE: 0.03065 | Val MSE: 0.02897 (Best: 0.02828)
Epoch 0090 | Train MSE: 0.02692 | Val MSE: 0.02595 (Best: 0.02525)
Epoch 0100 | Train MSE: 0.02374 | Val MSE: 0.02670 (Best: 0.02331)
Epoch 0110 | Train MSE: 0.03974 | Val MSE: 0.03402 (Best: 0.02304)
Epoch 0120 | Train MSE: 0.02484 | Val MSE: 0.02843 (Best: 0.02304)
Epoch 0130 | Train MSE: 0.02404 | Val MSE: 0.02854 (Best: 0.02304)
Epoch 0140 | Train MSE: 0.02121 | Val MSE: 0.02267 (Best: 0.02259)
Epoch 0150 | Train MSE: 0.02115 | Val MSE: 0.02505 (Best: 0.02084)
Epoch 0160 | Train MSE: 0.02230 | Val MSE: 0.02484 (Best: 0.02084)
Epoch 0170 | Train MSE: 0.03113 | Val MSE: 0.03225 (Best: 0.02084)
Epoch 0180 | Train MSE: 0.01682 | Val MSE: 0.01904 (Best: 0.01904)
Epoch 0190 | Train MSE: 0.01630 | Val MSE: 0.01888 (Best: 0.01868)
Epoch 0200 | Train MSE: 0.01593 | Val MSE: 0.01873 (Best: 0.01853)
Epoch 0210 | Train MSE: 0.01700 | Val MSE: 0.01906 (Best: 0.01852)
Epoch 0220 | Train MSE: 0.01683 | Val MSE: 0.02002 (Best: 0.01852)
Epoch 0230 | Train MSE: 0.01677 | Val MSE: 0.01901 (Best: 0.01839)
Epoch 0240 | Train MSE: 0.01725 | Val MSE: 0.02073 (Best: 0.01834)
Epoch 0250 | Train MSE: 0.01653 | Val MSE: 0.01954 (Best: 0.01834)
Epoch 0260 | Train MSE: 0.01679 | Val MSE: 0.01922 (Best: 0.01834)
Epoch 0270 | Train MSE: 0.01382 | Val MSE: 0.01719 (Best: 0.01719)
Epoch 0280 | Train MSE: 0.01367 | Val MSE: 0.01726 (Best: 0.01716)
Epoch 0290 | Train MSE: 0.01354 | Val MSE: 0.01724 (Best: 0.01715)
Epoch 0300 | Train MSE: 0.01368 | Val MSE: 0.01722 (Best: 0.01701)
Epoch 0310 | Train MSE: 0.01371 | Val MSE: 0.01717 (Best: 0.01701)
Epoch 0320 | Train MSE: 0.01350 | Val MSE: 0.01713 (Best: 0.01701)
Epoch 0330 | Train MSE: 0.01284 | Val MSE: 0.01682 (Best: 0.01676)
Epoch 0340 | Train MSE: 0.01271 | Val MSE: 0.01667 (Best: 0.01663)
Epoch 0350 | Train MSE: 0.01264 | Val MSE: 0.01670 (Best: 0.01661)
Epoch 0360 | Train MSE: 0.01261 | Val MSE: 0.01676 (Best: 0.01661)
Epoch 0370 | Train MSE: 0.01249 | Val MSE: 0.01662 (Best: 0.01658)
Epoch 0380 | Train MSE: 0.01253 | Val MSE: 0.01654 (Best: 0.01654)
Epoch 0390 | Train MSE: 0.01273 | Val MSE: 0.01724 (Best: 0.01652)
Epoch 0400 | Train MSE: 0.01246 | Val MSE: 0.01656 (Best: 0.01652)
Epoch 0410 | Train MSE: 0.01236 | Val MSE: 0.01670 (Best: 0.01645)
Epoch 0420 | Train MSE: 0.01248 | Val MSE: 0.01689 (Best: 0.01644)
Epoch 0430 | Train MSE: 0.01208 | Val MSE: 0.01649 (Best: 0.01636)
Epoch 0440 | Train MSE: 0.01244 | Val MSE: 0.01648 (Best: 0.01636)
Epoch 0450 | Train MSE: 0.01230 | Val MSE: 0.01667 (Best: 0.01636)
Epoch 0460 | Train MSE: 0.01198 | Val MSE: 0.01643 (Best: 0.01630)
Epoch 0470 | Train MSE: 0.01189 | Val MSE: 0.01667 (Best: 0.01630)
Epoch 0480 | Train MSE: 0.01181 | Val MSE: 0.01630 (Best: 0.01630)
Epoch 0490 | Train MSE: 0.01169 | Val MSE: 0.01639 (Best: 0.01621)
Epoch 0500 | Train MSE: 0.01161 | Val MSE: 0.01631 (Best: 0.01621)
Epoch 0510 | Train MSE: 0.01178 | Val MSE: 0.01633 (Best: 0.01621)
Epoch 0520 | Train MSE: 0.01126 | Val MSE: 0.01605 (Best: 0.01605)
Epoch 0530 | Train MSE: 0.01122 | Val MSE: 0.01607 (Best: 0.01602)
Epoch 0540 | Train MSE: 0.01117 | Val MSE: 0.01605 (Best: 0.01602)
Epoch 0550 | Train MSE: 0.01113 | Val MSE: 0.01604 (Best: 0.01600)
Epoch 0560 | Train MSE: 0.01118 | Val MSE: 0.01606 (Best: 0.01600)
Epoch 0570 | Train MSE: 0.01110 | Val MSE: 0.01604 (Best: 0.01600)
Epoch 0580 | Train MSE: 0.01102 | Val MSE: 0.01614 (Best: 0.01599)
Epoch 0590 | Train MSE: 0.01100 | Val MSE: 0.01610 (Best: 0.01599)
Epoch 0600 | Train MSE: 0.01108 | Val MSE: 0.01601 (Best: 0.01599)
Epoch 0610 | Train MSE: 0.01084 | Val MSE: 0.01595 (Best: 0.01595)
Epoch 0620 | Train MSE: 0.01078 | Val MSE: 0.01598 (Best: 0.01592)
Epoch 0630 | Train MSE: 0.01080 | Val MSE: 0.01596 (Best: 0.01591)
Epoch 0640 | Train MSE: 0.01076 | Val MSE: 0.01598 (Best: 0.01590)
Epoch 0650 | Train MSE: 0.01073 | Val MSE: 0.01593 (Best: 0.01587)
Epoch 0660 | Train MSE: 0.01071 | Val MSE: 0.01597 (Best: 0.01587)
Epoch 0670 | Train MSE: 0.01073 | Val MSE: 0.01599 (Best: 0.01586)
Epoch 0680 | Train MSE: 0.01068 | Val MSE: 0.01598 (Best: 0.01586)
Epoch 0690 | Train MSE: 0.01066 | Val MSE: 0.01585 (Best: 0.01585)
Epoch 0700 | Train MSE: 0.01060 | Val MSE: 0.01592 (Best: 0.01585)
Epoch 0710 | Train MSE: 0.01065 | Val MSE: 0.01596 (Best: 0.01585)
Epoch 0720 | Train MSE: 0.01060 | Val MSE: 0.01585 (Best: 0.01585)
Epoch 0730 | Train MSE: 0.01056 | Val MSE: 0.01589 (Best: 0.01585)
Epoch 0740 | Train MSE: 0.01054 | Val MSE: 0.01583 (Best: 0.01583)
Epoch 0750 | Train MSE: 0.01052 | Val MSE: 0.01588 (Best: 0.01583)
Epoch 0760 | Train MSE: 0.01047 | Val MSE: 0.01591 (Best: 0.01583)
Epoch 0770 | Train MSE: 0.01050 | Val MSE: 0.01589 (Best: 0.01583)
Epoch 0780 | Train MSE: 0.01037 | Val MSE: 0.01586 (Best: 0.01579)
Epoch 0790 | Train MSE: 0.01035 | Val MSE: 0.01583 (Best: 0.01579)
Epoch 0800 | Train MSE: 0.01033 | Val MSE: 0.01581 (Best: 0.01579)
Epoch 0810 | Train MSE: 0.01026 | Val MSE: 0.01580 (Best: 0.01579)
Epoch 0820 | Train MSE: 0.01028 | Val MSE: 0.01585 (Best: 0.01579)
Epoch 0830 | Train MSE: 0.01028 | Val MSE: 0.01582 (Best: 0.01577)
Epoch 0840 | Train MSE: 0.01027 | Val MSE: 0.01579 (Best: 0.01577)
Epoch 0850 | Train MSE: 0.01027 | Val MSE: 0.01578 (Best: 0.01577)
Epoch 0860 | Train MSE: 0.01023 | Val MSE: 0.01581 (Best: 0.01577)
Epoch 0870 | Train MSE: 0.01023 | Val MSE: 0.01582 (Best: 0.01577)
Epoch 0880 | Train MSE: 0.01022 | Val MSE: 0.01582 (Best: 0.01577)
Epoch 0890 | Train MSE: 0.01022 | Val MSE: 0.01578 (Best: 0.01577)
Epoch 0900 | Train MSE: 0.01021 | Val MSE: 0.01580 (Best: 0.01577)
Epoch 0910 | Train MSE: 0.01021 | Val MSE: 0.01581 (Best: 0.01577)
Epoch 0920 | Train MSE: 0.01020 | Val MSE: 0.01579 (Best: 0.01577)
Early stopping triggered at Epoch 928. Best Val MSE: 0.01577
Run complete. Checkpoint saved as 'best_sage_gnn.pth'.
