Warning: path already exists! This predictor may overwrite an existing predictor! path="/home/lus04/trainee4/radiation_source_localization/v1.6/modelauml/AG_Models/source_x"
Verbosity: 2 (Standard Logging)
=================== System Info ===================
AutoGluon Version:  1.5.0
Python Version:     3.12.3
Operating System:   Linux
Platform Machine:   x86_64
Platform Version:   #1 SMP Thu Mar 10 20:59:28 UTC 2022
CPU Count:          192
Pytorch Version:    2.9.1+cu128
CUDA Version:       12.8
GPU Memory:         GPU 0: 79.25/79.25 GB | GPU 1: 79.25/79.25 GB | GPU 2: 79.25/79.25 GB | GPU 3: 79.25/79.25 GB
Total GPU Memory:   Free: 317.00 GB, Allocated: 0.00 GB, Total: 317.00 GB
GPU Count:          4
Memory Avail:       985.29 GB / 1007.71 GB (97.8%)
Disk Space Avail:   379.19 GB / 62925.68 GB (0.6%)
===================================================
Presets specified: ['best_quality']
Using hyperparameters preset: hyperparameters='zeroshot'
Setting dynamic_stacking from 'auto' to True. Reason: Enable dynamic_stacking when use_bag_holdout is disabled. (use_bag_holdout=False)
Stack configuration (auto_stack=True): num_stack_levels=1, num_bag_folds=8, num_bag_sets=1
DyStack is enabled (dynamic_stacking=True). AutoGluon will try to determine whether the input data is affected by stacked overfitting and enable or disable stacking as a consequence.
	This is used to identify the optimal `num_stack_levels` value. Copies of AutoGluon will be fit on subsets of the data. Then holdout validation data is used to detect stacked overfitting.
	Running DyStack for up to 21600s of the 86400s of remaining time (25%).
DyStack: Disabling memory safe fit mode in DyStack because GPUs were detected and num_gpus='auto' (GPUs cannot be used in memory safe fit mode). If you want to use memory safe fit mode, manually set `num_gpus=0`.
Running DyStack sub-fit ...
Beginning AutoGluon training ... Time limit = 21600s
AutoGluon will save models to "/home/lus04/trainee4/radiation_source_localization/v1.6/modelauml/AG_Models/source_x/ds_sub_fit/sub_fit_ho"
Train Data Rows:    213333
Train Data Columns: 28
Label Column:       source_x
Problem Type:       regression
Preprocessing data ...
Using Feature Generators to preprocess the data ...
Fitting AutoMLPipelineFeatureGenerator...
	Available Memory:                    1008876.53 MB
	Train Data (Original)  Memory Usage: 45.57 MB (0.0% of available memory)
	Inferring data type of each feature based on column values. Set feature_metadata_in to manually specify special dtypes of the features.
	Stage 1 Generators:
		Fitting AsTypeFeatureGenerator...
	Stage 2 Generators:
		Fitting FillNaFeatureGenerator...
	Stage 3 Generators:
		Fitting IdentityFeatureGenerator...
	Stage 4 Generators:
		Fitting DropUniqueFeatureGenerator...
	Stage 5 Generators:
		Fitting DropDuplicatesFeatureGenerator...
	Useless Original Features (Count: 2): ['rel_det1_x', 'rel_det1_y']
		These features carry no predictive signal and should be manually investigated.
		This is typically a feature which has the same value for all rows.
		These features do not need to be present at inference time.
	Unused Original Features (Count: 2): ['anchor_x', 'anchor_y']
		These features were not used to generate any of the output features. Add a feature generator compatible with these features to utilize them.
		Features can also be unused if they carry very little information, such as being categorical but having almost entirely unique values or being duplicates of other features.
		These features do not need to be present at inference time.
		('float', []) : 2 | ['anchor_x', 'anchor_y']
	Types of features in original data (raw dtype, special dtypes):
		('float', []) : 24 | ['det1_x', 'det1_y', 'det2_x', 'det2_y', 'det3_x', ...]
	Types of features in processed data (raw dtype, special dtypes):
		('float', []) : 24 | ['det1_x', 'det1_y', 'det2_x', 'det2_y', 'det3_x', ...]
	0.5s = Fit runtime
	24 features in original data used to generate 24 features in processed data.
	Train Data (Processed) Memory Usage: 39.06 MB (0.0% of available memory)
Data preprocessing and feature engineering runtime = 0.54s ...
AutoGluon will gauge predictive performance using evaluation metric: 'root_mean_squared_error'
	This metric's sign has been flipped to adhere to being higher_is_better. The metric score can be multiplied by -1 to get the metric value.
	To change this, specify the eval_metric parameter of Predictor()
Large model count detected (110 configs) ... Only displaying the first 3 models of each family. To see all, set `verbosity=3`.
User-specified model hyperparameters to be fit:
{
	'NN_TORCH': [{}, {'activation': 'elu', 'dropout_prob': 0.10077639529843717, 'hidden_size': 108, 'learning_rate': 0.002735937344002146, 'num_layers': 4, 'use_batchnorm': True, 'weight_decay': 1.356433327634438e-12, 'ag_args': {'name_suffix': '_r79', 'priority': -2}}, {'activation': 'elu', 'dropout_prob': 0.11897478034205347, 'hidden_size': 213, 'learning_rate': 0.0010474382260641949, 'num_layers': 4, 'use_batchnorm': False, 'weight_decay': 5.594471067786272e-10, 'ag_args': {'name_suffix': '_r22', 'priority': -7}}],
	'GBM': [{'extra_trees': True, 'ag_args': {'name_suffix': 'XT'}}, {}, {'learning_rate': 0.03, 'num_leaves': 128, 'feature_fraction': 0.9, 'min_data_in_leaf': 3, 'ag_args': {'name_suffix': 'Large', 'priority': 0, 'hyperparameter_tune_kwargs': None}}],
	'CAT': [{}, {'depth': 6, 'grow_policy': 'SymmetricTree', 'l2_leaf_reg': 2.1542798306067823, 'learning_rate': 0.06864209415792857, 'max_ctr_complexity': 4, 'one_hot_max_size': 10, 'ag_args': {'name_suffix': '_r177', 'priority': -1}}, {'depth': 8, 'grow_policy': 'Depthwise', 'l2_leaf_reg': 2.7997999596449104, 'learning_rate': 0.031375015734637225, 'max_ctr_complexity': 2, 'one_hot_max_size': 3, 'ag_args': {'name_suffix': '_r9', 'priority': -5}}],
	'XGB': [{}, {'colsample_bytree': 0.6917311125174739, 'enable_categorical': False, 'learning_rate': 0.018063876087523967, 'max_depth': 10, 'min_child_weight': 0.6028633586934382, 'ag_args': {'name_suffix': '_r33', 'priority': -8}}, {'colsample_bytree': 0.6628423832084077, 'enable_categorical': False, 'learning_rate': 0.08775715546881824, 'max_depth': 5, 'min_child_weight': 0.6294123374222513, 'ag_args': {'name_suffix': '_r89', 'priority': -16}}],
	'FASTAI': [{}, {'bs': 256, 'emb_drop': 0.5411770367537934, 'epochs': 43, 'layers': [800, 400], 'lr': 0.01519848858318159, 'ps': 0.23782946566604385, 'ag_args': {'name_suffix': '_r191', 'priority': -4}}, {'bs': 2048, 'emb_drop': 0.05070411322605811, 'epochs': 29, 'layers': [200, 100], 'lr': 0.08974235041576624, 'ps': 0.10393466140748028, 'ag_args': {'name_suffix': '_r102', 'priority': -11}}],
	'RF': [{'criterion': 'gini', 'ag_args': {'name_suffix': 'Gini', 'problem_types': ['binary', 'multiclass']}}, {'criterion': 'entropy', 'ag_args': {'name_suffix': 'Entr', 'problem_types': ['binary', 'multiclass']}}, {'criterion': 'squared_error', 'ag_args': {'name_suffix': 'MSE', 'problem_types': ['regression', 'quantile']}}],
	'XT': [{'criterion': 'gini', 'ag_args': {'name_suffix': 'Gini', 'problem_types': ['binary', 'multiclass']}}, {'criterion': 'entropy', 'ag_args': {'name_suffix': 'Entr', 'problem_types': ['binary', 'multiclass']}}, {'criterion': 'squared_error', 'ag_args': {'name_suffix': 'MSE', 'problem_types': ['regression', 'quantile']}}],
}
AutoGluon will fit 2 stack levels (L1 to L2) ...
Fitting 106 L1 models, fit_strategy="sequential" ...
Fitting model: LightGBMXT_BAG_L1 ... Training model for up to 14396.04s of the 21599.45s of remaining time.
	Fitting 8 child models (S1F1 - S1F8) | Fitting with ParallelLocalFoldFittingStrategy (8 workers, per: cpus=24, gpus=0, memory=0.03%)
/home/lus04/trainee4/.conda/envs/aenv/lib/python3.12/site-packages/ray/_private/worker.py:2062: FutureWarning: Tip: In future versions of Ray, Ray will no longer override accelerator visible devices env var if num_gpus=0 or num_gpus=None (default). To enable this behavior and turn off this error message, set RAY_ACCEL_ENV_VAR_OVERRIDE_ON_ZERO=0
  warnings.warn(
	-1.0611	 = Validation score   (-root_mean_squared_error)
	96.49s	 = Training   runtime
	14.4s	 = Validation runtime
Fitting model: LightGBM_BAG_L1 ... Training model for up to 14287.29s of the 21490.70s of remaining time.
	Fitting 8 child models (S1F1 - S1F8) | Fitting with ParallelLocalFoldFittingStrategy (8 workers, per: cpus=24, gpus=0, memory=0.03%)
