
TRAINING DecisionTreeRegressor
 Training DecisionTreeRegressor Location
Completed in 1.56 seconds.
 Training DecisionTreeRegressor Intensity
Completed in 1.65 seconds.

Saving location plots to: /home/lus04/trainee4/radiation_source_localization/v1.0/models/decision_tree/plots

--- Standard Location Metrics ---
Current_Model -> MAE: [2.93536294 2.9278634 ] | MSE: [16.28257342 15.76072312]

--- Location Error Statistics (Euclidean Distance) ---
Current_Model:
  MSE:     32.04329653104711
  Mean:    4.599722210556893
  Median:  3.7605850224158717
  Minimum: 0.028820844205850987
  Maximum: 21.826092529853312

--- Generating Individual Model Error Distributions ---
--- Generating Detector-Specific Error vs True Distance Plots ---
--- Generating Location Error vs Source Distance Plots ---
All location plots saved successfully.


Saving intensity plots to: /home/lus04/trainee4/radiation_source_localization/v1.0/models/decision_tree/plots

--- Intensity Prediction Metrics ---
Current_Model:
  MSE: 2739540.171425577 µCi*µCi
  MAE:   1221.712951257867 µCi
  NRMSE: 0.21778363599951348

--- Generating Individual Intensity Error Distributions ---
--- Generating Detector-Specific Error vs True Distance Plots ---
--- Generating Intensity Error vs Source Distance Plots ---
All intensity plots saved successfully.


TRAINING DecisionTreeRegressor
 Training DecisionTreeRegressor Location
Completed in 1.90 seconds.
 Training DecisionTreeRegressor Intensity
Completed in 2.29 seconds.

Saving location plots to: /home/lus04/trainee4/radiation_source_localization/v1.3/models/decision_tree/plots

--- Standard Location Metrics ---
Current_Model -> MAE: [2.42504028 2.49322523] | MSE: [10.66114423 11.28502787]

--- Location Error Statistics (Euclidean Distance) ---
Current_Model:
  MSE:     21.946172100762226
  Mean:    3.879711138701835
  Median:  3.2940244209984164
  Minimum: 0.007877991982665221
  Maximum: 18.7063934746449

--- Generating Individual Model Error Distributions ---
--- Generating Detector-Specific Error vs True Distance Plots ---
--- Generating Location Error vs Source Distance Plots ---
All location plots saved successfully.


Saving intensity plots to: /home/lus04/trainee4/radiation_source_localization/v1.3/models/decision_tree/plots

--- Intensity Prediction Metrics ---
Current_Model:
  MSE: 2488782.705836515 µCi*µCi
  MAE:   1149.3863324240033 µCi
  NRMSE: 0.20757731871544158

--- Generating Individual Intensity Error Distributions ---
--- Generating Detector-Specific Error vs True Distance Plots ---
--- Generating Intensity Error vs Source Distance Plots ---
All intensity plots saved successfully.

