Locking all random seeds to 42...
Targeting isolated GPU. PyTorch device index: cuda
Loading graphs from storage...
Transferring entire dataset directly into A100 VRAM...
Success! 15 train chunks and 3 val chunks are locked in VRAM.
Executing purely In-Memory VRAM Training...
Epoch 0001 | Train MSE: 0.82660 | Val MSE: 0.30780 (Best: 0.30780)
Epoch 0010 | Train MSE: 0.05903 | Val MSE: 0.05293 (Best: 0.05293)
Epoch 0020 | Train MSE: 0.03399 | Val MSE: 0.04670 (Best: 0.02713)
Epoch 0030 | Train MSE: 0.02121 | Val MSE: 0.01972 (Best: 0.01972)
Epoch 0040 | Train MSE: 0.01912 | Val MSE: 0.01969 (Best: 0.01760)
Epoch 0050 | Train MSE: 0.02338 | Val MSE: 0.01845 (Best: 0.01656)
Epoch 0060 | Train MSE: 0.01468 | Val MSE: 0.01964 (Best: 0.01405)
Epoch 0070 | Train MSE: 0.01420 | Val MSE: 0.01460 (Best: 0.01405)
Epoch 0080 | Train MSE: 0.01346 | Val MSE: 0.01319 (Best: 0.01319)
Epoch 0090 | Train MSE: 0.01385 | Val MSE: 0.01683 (Best: 0.01289)
Epoch 0100 | Train MSE: 0.01335 | Val MSE: 0.01203 (Best: 0.01198)
Epoch 0110 | Train MSE: 0.01335 | Val MSE: 0.01380 (Best: 0.01121)
Epoch 0120 | Train MSE: 0.01548 | Val MSE: 0.01333 (Best: 0.01119)
Epoch 0130 | Train MSE: 0.01320 | Val MSE: 0.02237 (Best: 0.01065)
Epoch 0140 | Train MSE: 0.01039 | Val MSE: 0.01027 (Best: 0.01027)
Epoch 0150 | Train MSE: 0.01028 | Val MSE: 0.01049 (Best: 0.00991)
Epoch 0160 | Train MSE: 0.01147 | Val MSE: 0.01289 (Best: 0.00991)
Epoch 0170 | Train MSE: 0.01066 | Val MSE: 0.00945 (Best: 0.00945)
Epoch 0180 | Train MSE: 0.01024 | Val MSE: 0.00973 (Best: 0.00945)
Epoch 0190 | Train MSE: 0.01508 | Val MSE: 0.01118 (Best: 0.00936)
Epoch 0200 | Train MSE: 0.00950 | Val MSE: 0.00926 (Best: 0.00888)
Epoch 0210 | Train MSE: 0.01067 | Val MSE: 0.01017 (Best: 0.00888)
Epoch 0220 | Train MSE: 0.00942 | Val MSE: 0.01003 (Best: 0.00880)
Epoch 0230 | Train MSE: 0.01019 | Val MSE: 0.00960 (Best: 0.00877)
Epoch 0240 | Train MSE: 0.01042 | Val MSE: 0.00989 (Best: 0.00877)
Epoch 0250 | Train MSE: 0.00939 | Val MSE: 0.00878 (Best: 0.00858)
Epoch 0260 | Train MSE: 0.00814 | Val MSE: 0.00840 (Best: 0.00813)
Epoch 0270 | Train MSE: 0.00878 | Val MSE: 0.00844 (Best: 0.00813)
Epoch 0280 | Train MSE: 0.01342 | Val MSE: 0.01573 (Best: 0.00813)
Epoch 0290 | Train MSE: 0.00842 | Val MSE: 0.00837 (Best: 0.00813)
Epoch 0300 | Train MSE: 0.00744 | Val MSE: 0.00755 (Best: 0.00755)
Epoch 0310 | Train MSE: 0.00726 | Val MSE: 0.00765 (Best: 0.00733)
Epoch 0320 | Train MSE: 0.00743 | Val MSE: 0.00732 (Best: 0.00726)
Epoch 0330 | Train MSE: 0.00724 | Val MSE: 0.00748 (Best: 0.00724)
Epoch 0340 | Train MSE: 0.00750 | Val MSE: 0.00762 (Best: 0.00724)
Epoch 0350 | Train MSE: 0.00765 | Val MSE: 0.00745 (Best: 0.00713)
Epoch 0360 | Train MSE: 0.00745 | Val MSE: 0.00728 (Best: 0.00713)
Epoch 0370 | Train MSE: 0.00864 | Val MSE: 0.00832 (Best: 0.00703)
Epoch 0380 | Train MSE: 0.00707 | Val MSE: 0.00708 (Best: 0.00703)
Epoch 0390 | Train MSE: 0.00815 | Val MSE: 0.00757 (Best: 0.00703)
Epoch 0400 | Train MSE: 0.00662 | Val MSE: 0.00678 (Best: 0.00678)
Epoch 0410 | Train MSE: 0.00649 | Val MSE: 0.00669 (Best: 0.00668)
Epoch 0420 | Train MSE: 0.00647 | Val MSE: 0.00662 (Best: 0.00662)
Epoch 0430 | Train MSE: 0.00653 | Val MSE: 0.00680 (Best: 0.00661)
Epoch 0440 | Train MSE: 0.00660 | Val MSE: 0.00674 (Best: 0.00660)
Epoch 0450 | Train MSE: 0.00655 | Val MSE: 0.00670 (Best: 0.00660)
Epoch 0460 | Train MSE: 0.00698 | Val MSE: 0.00688 (Best: 0.00652)
Epoch 0470 | Train MSE: 0.00676 | Val MSE: 0.00709 (Best: 0.00652)
Epoch 0480 | Train MSE: 0.00641 | Val MSE: 0.00660 (Best: 0.00652)
Epoch 0490 | Train MSE: 0.00628 | Val MSE: 0.00650 (Best: 0.00645)
Epoch 0500 | Train MSE: 0.00677 | Val MSE: 0.00663 (Best: 0.00640)
Epoch 0510 | Train MSE: 0.00639 | Val MSE: 0.00652 (Best: 0.00640)
Epoch 0520 | Train MSE: 0.00637 | Val MSE: 0.00665 (Best: 0.00640)
Epoch 0530 | Train MSE: 0.00631 | Val MSE: 0.00646 (Best: 0.00638)
Epoch 0540 | Train MSE: 0.00622 | Val MSE: 0.00648 (Best: 0.00638)
Epoch 0550 | Train MSE: 0.00613 | Val MSE: 0.00670 (Best: 0.00638)
Epoch 0560 | Train MSE: 0.00604 | Val MSE: 0.00627 (Best: 0.00627)
Epoch 0570 | Train MSE: 0.00594 | Val MSE: 0.00622 (Best: 0.00618)
Epoch 0580 | Train MSE: 0.00591 | Val MSE: 0.00617 (Best: 0.00615)
Epoch 0590 | Train MSE: 0.00591 | Val MSE: 0.00616 (Best: 0.00615)
Epoch 0600 | Train MSE: 0.00589 | Val MSE: 0.00614 (Best: 0.00612)
Epoch 0610 | Train MSE: 0.00586 | Val MSE: 0.00617 (Best: 0.00611)
Epoch 0620 | Train MSE: 0.00595 | Val MSE: 0.00629 (Best: 0.00608)
Epoch 0630 | Train MSE: 0.00595 | Val MSE: 0.00616 (Best: 0.00608)
Epoch 0640 | Train MSE: 0.00585 | Val MSE: 0.00609 (Best: 0.00607)
Epoch 0650 | Train MSE: 0.00594 | Val MSE: 0.00621 (Best: 0.00607)
Epoch 0660 | Train MSE: 0.00585 | Val MSE: 0.00611 (Best: 0.00605)
Epoch 0670 | Train MSE: 0.00582 | Val MSE: 0.00613 (Best: 0.00605)
Epoch 0680 | Train MSE: 0.00580 | Val MSE: 0.00605 (Best: 0.00605)
Epoch 0690 | Train MSE: 0.00577 | Val MSE: 0.00602 (Best: 0.00599)
Epoch 0700 | Train MSE: 0.00583 | Val MSE: 0.00622 (Best: 0.00599)
Epoch 0710 | Train MSE: 0.00574 | Val MSE: 0.00612 (Best: 0.00599)
Epoch 0720 | Train MSE: 0.00576 | Val MSE: 0.00599 (Best: 0.00598)
Epoch 0730 | Train MSE: 0.00578 | Val MSE: 0.00613 (Best: 0.00596)
Epoch 0740 | Train MSE: 0.00572 | Val MSE: 0.00621 (Best: 0.00592)
Epoch 0750 | Train MSE: 0.00574 | Val MSE: 0.00627 (Best: 0.00592)
Epoch 0760 | Train MSE: 0.00580 | Val MSE: 0.00599 (Best: 0.00592)
Epoch 0770 | Train MSE: 0.00562 | Val MSE: 0.00590 (Best: 0.00590)
Epoch 0780 | Train MSE: 0.00555 | Val MSE: 0.00586 (Best: 0.00585)
Epoch 0790 | Train MSE: 0.00557 | Val MSE: 0.00588 (Best: 0.00585)
Epoch 0800 | Train MSE: 0.00554 | Val MSE: 0.00586 (Best: 0.00584)
Epoch 0810 | Train MSE: 0.00553 | Val MSE: 0.00586 (Best: 0.00584)
Epoch 0820 | Train MSE: 0.00553 | Val MSE: 0.00584 (Best: 0.00584)
Epoch 0830 | Train MSE: 0.00554 | Val MSE: 0.00584 (Best: 0.00584)
Epoch 0840 | Train MSE: 0.00553 | Val MSE: 0.00583 (Best: 0.00582)
Epoch 0850 | Train MSE: 0.00552 | Val MSE: 0.00586 (Best: 0.00582)
Epoch 0860 | Train MSE: 0.00550 | Val MSE: 0.00586 (Best: 0.00581)
Epoch 0870 | Train MSE: 0.00551 | Val MSE: 0.00582 (Best: 0.00580)
Epoch 0880 | Train MSE: 0.00552 | Val MSE: 0.00579 (Best: 0.00579)
Epoch 0890 | Train MSE: 0.00551 | Val MSE: 0.00581 (Best: 0.00579)
Epoch 0900 | Train MSE: 0.00551 | Val MSE: 0.00581 (Best: 0.00579)
Epoch 0910 | Train MSE: 0.00551 | Val MSE: 0.00582 (Best: 0.00578)
Epoch 0920 | Train MSE: 0.00548 | Val MSE: 0.00578 (Best: 0.00577)
Epoch 0930 | Train MSE: 0.00548 | Val MSE: 0.00576 (Best: 0.00576)
Epoch 0940 | Train MSE: 0.00552 | Val MSE: 0.00579 (Best: 0.00576)
Epoch 0950 | Train MSE: 0.00544 | Val MSE: 0.00576 (Best: 0.00576)
Epoch 0960 | Train MSE: 0.00542 | Val MSE: 0.00573 (Best: 0.00573)
Epoch 0970 | Train MSE: 0.00543 | Val MSE: 0.00576 (Best: 0.00573)
Epoch 0980 | Train MSE: 0.00542 | Val MSE: 0.00573 (Best: 0.00573)
Epoch 0990 | Train MSE: 0.00543 | Val MSE: 0.00576 (Best: 0.00572)
Epoch 1000 | Train MSE: 0.00540 | Val MSE: 0.00572 (Best: 0.00572)
Epoch 1010 | Train MSE: 0.00539 | Val MSE: 0.00573 (Best: 0.00572)
Epoch 1020 | Train MSE: 0.00542 | Val MSE: 0.00576 (Best: 0.00571)
Epoch 1030 | Train MSE: 0.00538 | Val MSE: 0.00572 (Best: 0.00570)
Epoch 1040 | Train MSE: 0.00540 | Val MSE: 0.00573 (Best: 0.00570)
Epoch 1050 | Train MSE: 0.00538 | Val MSE: 0.00580 (Best: 0.00570)
Epoch 1060 | Train MSE: 0.00541 | Val MSE: 0.00570 (Best: 0.00570)
Epoch 1070 | Train MSE: 0.00536 | Val MSE: 0.00573 (Best: 0.00569)
Epoch 1080 | Train MSE: 0.00539 | Val MSE: 0.00572 (Best: 0.00569)
Epoch 1090 | Train MSE: 0.00533 | Val MSE: 0.00568 (Best: 0.00568)
Epoch 1100 | Train MSE: 0.00535 | Val MSE: 0.00575 (Best: 0.00568)
Epoch 1110 | Train MSE: 0.00533 | Val MSE: 0.00571 (Best: 0.00566)
Epoch 1120 | Train MSE: 0.00539 | Val MSE: 0.00574 (Best: 0.00565)
Epoch 1130 | Train MSE: 0.00533 | Val MSE: 0.00566 (Best: 0.00565)
Epoch 1140 | Train MSE: 0.00531 | Val MSE: 0.00565 (Best: 0.00565)
Epoch 1150 | Train MSE: 0.00534 | Val MSE: 0.00570 (Best: 0.00564)
Epoch 1160 | Train MSE: 0.00529 | Val MSE: 0.00566 (Best: 0.00564)
Epoch 1170 | Train MSE: 0.00530 | Val MSE: 0.00567 (Best: 0.00563)
Epoch 1180 | Train MSE: 0.00530 | Val MSE: 0.00566 (Best: 0.00563)
Epoch 1190 | Train MSE: 0.00530 | Val MSE: 0.00568 (Best: 0.00563)
Epoch 1200 | Train MSE: 0.00530 | Val MSE: 0.00565 (Best: 0.00563)
Epoch 1210 | Train MSE: 0.00528 | Val MSE: 0.00563 (Best: 0.00562)
Epoch 1220 | Train MSE: 0.00533 | Val MSE: 0.00561 (Best: 0.00560)
Epoch 1230 | Train MSE: 0.00536 | Val MSE: 0.00587 (Best: 0.00560)
Epoch 1240 | Train MSE: 0.00528 | Val MSE: 0.00568 (Best: 0.00560)
Epoch 1250 | Train MSE: 0.00525 | Val MSE: 0.00562 (Best: 0.00560)
Epoch 1260 | Train MSE: 0.00529 | Val MSE: 0.00560 (Best: 0.00559)
Epoch 1270 | Train MSE: 0.00523 | Val MSE: 0.00560 (Best: 0.00559)
Epoch 1280 | Train MSE: 0.00526 | Val MSE: 0.00564 (Best: 0.00559)
Epoch 1290 | Train MSE: 0.00523 | Val MSE: 0.00558 (Best: 0.00558)
Epoch 1300 | Train MSE: 0.00525 | Val MSE: 0.00563 (Best: 0.00558)
Epoch 1310 | Train MSE: 0.00524 | Val MSE: 0.00559 (Best: 0.00558)
Epoch 1320 | Train MSE: 0.00526 | Val MSE: 0.00557 (Best: 0.00557)
Epoch 1330 | Train MSE: 0.00528 | Val MSE: 0.00568 (Best: 0.00557)
Epoch 1340 | Train MSE: 0.00527 | Val MSE: 0.00559 (Best: 0.00557)
Epoch 1350 | Train MSE: 0.00521 | Val MSE: 0.00560 (Best: 0.00556)
Epoch 1360 | Train MSE: 0.00522 | Val MSE: 0.00563 (Best: 0.00556)
Epoch 1370 | Train MSE: 0.00524 | Val MSE: 0.00558 (Best: 0.00556)
Epoch 1380 | Train MSE: 0.00520 | Val MSE: 0.00556 (Best: 0.00556)
Epoch 1390 | Train MSE: 0.00521 | Val MSE: 0.00563 (Best: 0.00556)
Epoch 1400 | Train MSE: 0.00523 | Val MSE: 0.00558 (Best: 0.00555)
Epoch 1410 | Train MSE: 0.00519 | Val MSE: 0.00559 (Best: 0.00555)
Epoch 1420 | Train MSE: 0.00517 | Val MSE: 0.00555 (Best: 0.00553)
Epoch 1430 | Train MSE: 0.00524 | Val MSE: 0.00560 (Best: 0.00553)
Epoch 1440 | Train MSE: 0.00517 | Val MSE: 0.00554 (Best: 0.00553)
Epoch 1450 | Train MSE: 0.00528 | Val MSE: 0.00559 (Best: 0.00552)
Epoch 1460 | Train MSE: 0.00517 | Val MSE: 0.00555 (Best: 0.00552)
Epoch 1470 | Train MSE: 0.00515 | Val MSE: 0.00555 (Best: 0.00551)
Epoch 1480 | Train MSE: 0.00518 | Val MSE: 0.00553 (Best: 0.00551)
Epoch 1490 | Train MSE: 0.00518 | Val MSE: 0.00552 (Best: 0.00551)
Epoch 1500 | Train MSE: 0.00516 | Val MSE: 0.00557 (Best: 0.00551)
Epoch 1510 | Train MSE: 0.00519 | Val MSE: 0.00557 (Best: 0.00551)
Epoch 1520 | Train MSE: 0.00516 | Val MSE: 0.00559 (Best: 0.00551)
Epoch 1530 | Train MSE: 0.00509 | Val MSE: 0.00550 (Best: 0.00548)
Epoch 1540 | Train MSE: 0.00509 | Val MSE: 0.00548 (Best: 0.00548)
Epoch 1550 | Train MSE: 0.00509 | Val MSE: 0.00548 (Best: 0.00548)
Epoch 1560 | Train MSE: 0.00508 | Val MSE: 0.00547 (Best: 0.00547)
Epoch 1570 | Train MSE: 0.00510 | Val MSE: 0.00548 (Best: 0.00547)
Epoch 1580 | Train MSE: 0.00508 | Val MSE: 0.00550 (Best: 0.00547)
Epoch 1590 | Train MSE: 0.00510 | Val MSE: 0.00550 (Best: 0.00547)
Epoch 1600 | Train MSE: 0.00508 | Val MSE: 0.00547 (Best: 0.00547)
Epoch 1610 | Train MSE: 0.00507 | Val MSE: 0.00546 (Best: 0.00546)
Epoch 1620 | Train MSE: 0.00505 | Val MSE: 0.00546 (Best: 0.00546)
Epoch 1630 | Train MSE: 0.00507 | Val MSE: 0.00546 (Best: 0.00546)
Epoch 1640 | Train MSE: 0.00505 | Val MSE: 0.00546 (Best: 0.00545)
Epoch 1650 | Train MSE: 0.00505 | Val MSE: 0.00547 (Best: 0.00545)
Epoch 1660 | Train MSE: 0.00506 | Val MSE: 0.00546 (Best: 0.00545)
Epoch 1670 | Train MSE: 0.00504 | Val MSE: 0.00545 (Best: 0.00545)
Epoch 1680 | Train MSE: 0.00504 | Val MSE: 0.00545 (Best: 0.00545)
Epoch 1690 | Train MSE: 0.00504 | Val MSE: 0.00545 (Best: 0.00545)
Epoch 1700 | Train MSE: 0.00504 | Val MSE: 0.00545 (Best: 0.00544)
Epoch 1710 | Train MSE: 0.00503 | Val MSE: 0.00545 (Best: 0.00544)
Epoch 1720 | Train MSE: 0.00503 | Val MSE: 0.00545 (Best: 0.00544)
Epoch 1730 | Train MSE: 0.00504 | Val MSE: 0.00545 (Best: 0.00544)
Epoch 1740 | Train MSE: 0.00504 | Val MSE: 0.00545 (Best: 0.00544)
Epoch 1750 | Train MSE: 0.00503 | Val MSE: 0.00545 (Best: 0.00544)
Epoch 1760 | Train MSE: 0.00502 | Val MSE: 0.00544 (Best: 0.00544)
Epoch 1770 | Train MSE: 0.00502 | Val MSE: 0.00544 (Best: 0.00544)
Epoch 1780 | Train MSE: 0.00502 | Val MSE: 0.00544 (Best: 0.00544)
Epoch 1790 | Train MSE: 0.00502 | Val MSE: 0.00544 (Best: 0.00544)
Epoch 1800 | Train MSE: 0.00502 | Val MSE: 0.00544 (Best: 0.00544)
Epoch 1810 | Train MSE: 0.00501 | Val MSE: 0.00544 (Best: 0.00544)
Epoch 1820 | Train MSE: 0.00502 | Val MSE: 0.00544 (Best: 0.00544)
Epoch 1830 | Train MSE: 0.00501 | Val MSE: 0.00543 (Best: 0.00543)
Epoch 1840 | Train MSE: 0.00501 | Val MSE: 0.00544 (Best: 0.00543)
Epoch 1850 | Train MSE: 0.00502 | Val MSE: 0.00543 (Best: 0.00543)
Epoch 1860 | Train MSE: 0.00502 | Val MSE: 0.00544 (Best: 0.00543)
Epoch 1870 | Train MSE: 0.00503 | Val MSE: 0.00543 (Best: 0.00543)
Epoch 1880 | Train MSE: 0.00502 | Val MSE: 0.00543 (Best: 0.00543)
Epoch 1890 | Train MSE: 0.00501 | Val MSE: 0.00543 (Best: 0.00543)
Epoch 1900 | Train MSE: 0.00502 | Val MSE: 0.00544 (Best: 0.00543)
Epoch 1910 | Train MSE: 0.00501 | Val MSE: 0.00543 (Best: 0.00543)
Epoch 1920 | Train MSE: 0.00501 | Val MSE: 0.00543 (Best: 0.00543)
Epoch 1930 | Train MSE: 0.00502 | Val MSE: 0.00543 (Best: 0.00543)
Epoch 1940 | Train MSE: 0.00501 | Val MSE: 0.00543 (Best: 0.00543)
Epoch 1950 | Train MSE: 0.00501 | Val MSE: 0.00543 (Best: 0.00543)
Epoch 1960 | Train MSE: 0.00501 | Val MSE: 0.00543 (Best: 0.00543)
Epoch 1970 | Train MSE: 0.00501 | Val MSE: 0.00543 (Best: 0.00543)
Epoch 1980 | Train MSE: 0.00500 | Val MSE: 0.00543 (Best: 0.00543)
Epoch 1990 | Train MSE: 0.00502 | Val MSE: 0.00543 (Best: 0.00543)
Epoch 2000 | Train MSE: 0.00500 | Val MSE: 0.00543 (Best: 0.00543)
Run complete. Checkpoint saved as 'best_sage_gnn.pth'.
training complete for physics based sage gnn
Targeting isolated GPU. PyTorch device index: cuda
Loading model, test graphs, and scalers...
Running inferences...
Inverting scaling and transformations...
Passing combined results to vnz.visualize...

Saving location plots to: /home/lus04/trainee4/radiation_source_localization/v1.6/gnn/plots

--- Standard Location Metrics ---
GraphSAGE -> MAE: [0.33238908 0.33059411] | MSE: [0.35765563 0.35417693]

--- Location Error Statistics (Euclidean Distance) ---
GraphSAGE:
  MSE:     0.7118325571741148
  Mean:    0.5213517022362159
  Median:  0.3401384488658267
  Minimum: 0.0005030897867095804
  Maximum: 9.449000386080087

--- Generating Individual Model Error Distributions ---
--- Generating Detector-Specific Error vs True Distance Plots ---
--- Generating Location Error vs Source Distance Plots ---
All location plots saved successfully.


Saving intensity plots to: /home/lus04/trainee4/radiation_source_localization/v1.6/gnn/plots

--- Intensity Prediction Metrics ---
GraphSAGE:
  MSE: 287149.06421510666 µCi*µCi
  MAE:   293.9613104040605 µCi
  NRMSE: 0.070508278356116

--- Generating Individual Intensity Error Distributions ---
--- Generating Detector-Specific Error vs True Distance Plots ---
--- Generating Intensity Error vs Source Distance Plots ---
All intensity plots saved successfully.

 Testing and Visualization Complete!
